dev\heliosares\auxprotect\bungee\YMLManager.class
dev\heliosares\auxprotect\command\PlaytimeCommandTab.class
dev\heliosares\auxprotect\listeners\ProjectileListener.class
dev\heliosares\auxprotect\database\DatabaseRunnable.class
dev\heliosares\auxprotect\database\SQLManager$LookupExceptionType.class
dev\heliosares\auxprotect\utils\Metrics$MultiLineChart.class
dev\heliosares\auxprotect\utils\Metrics.class
dev\heliosares\auxprotect\utils\MoneySolver$1.class
dev\heliosares\auxprotect\utils\Pane$Button.class
dev\heliosares\auxprotect\database\XrayResults.class
dev\heliosares\auxprotect\utils\Metrics$SingleLineChart.class
dev\heliosares\auxprotect\command\LookupCommand.class
dev\heliosares\auxprotect\utils\Telemetry$1.class
dev\heliosares\auxprotect\utils\UpdateChecker.class
dev\heliosares\auxprotect\listeners\PlayerListener$3.class
dev\heliosares\auxprotect\bungee\Results.class
dev\heliosares\auxprotect\bungee\command\LookupCommand$1.class
dev\heliosares\auxprotect\command\MoneyCommand.class
dev\heliosares\auxprotect\listeners\ShopGUIPlusListener.class
dev\heliosares\auxprotect\bungee\Language.class
dev\heliosares\auxprotect\command\APCommand.class
dev\heliosares\auxprotect\utils\Metrics$DrilldownPie.class
dev\heliosares\auxprotect\command\XrayCommand$1$1.class
dev\heliosares\auxprotect\utils\MoneySolver.class
dev\heliosares\auxprotect\command\LookupCommand$1.class
dev\heliosares\auxprotect\command\PlaytimeCommand.class
dev\heliosares\auxprotect\utils\YMLManager.class
dev\heliosares\auxprotect\database\Results.class
dev\heliosares\auxprotect\listeners\DynamicShopListener.class
dev\heliosares\auxprotect\AuxProtect$2.class
dev\heliosares\auxprotect\utils\Experience.class
dev\heliosares\auxprotect\utils\Metrics$AdvancedBarChart.class
dev\heliosares\auxprotect\utils\MovingAverage.class
dev\heliosares\auxprotect\database\EntryAction$1.class
dev\heliosares\auxprotect\listeners\PaneListener.class
dev\heliosares\auxprotect\bungee\command\APCommand.class
dev\heliosares\auxprotect\utils\InvSerialization.class
dev\heliosares\auxprotect\command\PurgeCommandTab.class
dev\heliosares\auxprotect\utils\TimeUtil.class
dev\heliosares\auxprotect\command\ClaimInvCommand.class
dev\heliosares\auxprotect\listeners\InventoryListener.class
dev\heliosares\auxprotect\command\LookupCommandTab.class
dev\heliosares\auxprotect\command\TpCommand.class
dev\heliosares\auxprotect\AuxProtect$3.class
dev\heliosares\auxprotect\utils\XraySolver.class
dev\heliosares\auxprotect\utils\Telemetry$3.class
dev\heliosares\auxprotect\command\InvCommand.class
dev\heliosares\auxprotect\database\SQLManager.class
dev\heliosares\auxprotect\listeners\EntityListener.class
dev\heliosares\auxprotect\command\MoneyCommandTab.class
dev\heliosares\auxprotect\AuxProtect$1.class
dev\heliosares\auxprotect\command\PurgeCommand$1.class
dev\heliosares\auxprotect\AuxProtect$4.class
dev\heliosares\auxprotect\database\SQLManager$LookupException.class
dev\heliosares\auxprotect\database\XrayEntry.class
dev\heliosares\auxprotect\database\DbEntry.class
dev\heliosares\auxprotect\listeners\PlayerListener$4.class
dev\heliosares\auxprotect\utils\Metrics$JsonObjectBuilder.class
dev\heliosares\auxprotect\bungee\command\LookupCommand.class
dev\heliosares\auxprotect\database\PickupEntry.class
dev\heliosares\auxprotect\utils\Telemetry$2.class
dev\heliosares\auxprotect\command\InvCommand$1.class
dev\heliosares\auxprotect\listeners\AuctionHouseListener.class
dev\heliosares\auxprotect\bungee\APListener.class
dev\heliosares\auxprotect\command\InvCommand$4.class
dev\heliosares\auxprotect\utils\Telemetry.class
dev\heliosares\auxprotect\utils\ColorTranslate.class
dev\heliosares\auxprotect\command\XrayCommand.class
dev\heliosares\auxprotect\utils\EntryFormatter.class
dev\heliosares\auxprotect\database\DatabaseRunnable$1.class
dev\heliosares\auxprotect\database\EntryAction.class
dev\heliosares\auxprotect\utils\Language.class
dev\heliosares\auxprotect\utils\Metrics$JsonObjectBuilder$JsonObject.class
dev\heliosares\auxprotect\utils\Metrics$MetricsBase.class
dev\heliosares\auxprotect\database\SQLManager$TABLE.class
dev\heliosares\auxprotect\command\XrayCommand$1.class
dev\heliosares\auxprotect\bungee\AuxProtectBungee.class
dev\heliosares\auxprotect\utils\Metrics$SimplePie.class
dev\heliosares\auxprotect\utils\Metrics$CustomChart.class
dev\heliosares\auxprotect\command\APCommandTab.class
dev\heliosares\auxprotect\IAuxProtect.class
dev\heliosares\auxprotect\listeners\PlayerListener$2.class
dev\heliosares\auxprotect\APConfig.class
dev\heliosares\auxprotect\command\TpCommand$1.class
dev\heliosares\auxprotect\listeners\PlayerListener.class
dev\heliosares\auxprotect\command\InvCommand$3.class
dev\heliosares\auxprotect\listeners\ChestShopListener.class
dev\heliosares\auxprotect\utils\Pane.class
dev\heliosares\auxprotect\command\PurgeCommand.class
dev\heliosares\auxprotect\AuxProtect.class
dev\heliosares\auxprotect\listeners\PlayerListener$1.class
dev\heliosares\auxprotect\AuxProtectApi.class
dev\heliosares\auxprotect\command\XrayCommand$2.class
dev\heliosares\auxprotect\utils\ChartRenderer.class
dev\heliosares\auxprotect\utils\Pane$Type.class
dev\heliosares\auxprotect\bungee\APListener$1.class
dev\heliosares\auxprotect\utils\Metrics$SimpleBarChart.class
dev\heliosares\auxprotect\utils\MyPermission.class
dev\heliosares\auxprotect\command\InvCommand$2.class
dev\heliosares\auxprotect\listeners\EconomyShopGUIListener.class
dev\heliosares\auxprotect\utils\Metrics$AdvancedPie.class
dev\heliosares\auxprotect\utils\PlayTimeSolver.class
