C:\Users\Kyler\eclipse-workspace\AuxProtect\src\dev\heliosares\auxprotect\utils\Metrics.java
C:\Users\Kyler\eclipse-workspace\AuxProtect\src\dev\heliosares\auxprotect\listeners\ChestShopListener.java
C:\Users\Kyler\eclipse-workspace\AuxProtect\src\dev\heliosares\auxprotect\bungee\Language.java
C:\Users\Kyler\eclipse-workspace\AuxProtect\src\dev\heliosares\auxprotect\database\DbEntry.java
C:\Users\Kyler\eclipse-workspace\AuxProtect\src\dev\heliosares\auxprotect\listeners\InventoryListener.java
C:\Users\Kyler\eclipse-workspace\AuxProtect\src\dev\heliosares\auxprotect\utils\InvSerialization.java
C:\Users\Kyler\eclipse-workspace\AuxProtect\src\dev\heliosares\auxprotect\command\PurgeCommand.java
C:\Users\Kyler\eclipse-workspace\AuxProtect\src\dev\heliosares\auxprotect\command\MoneyCommandTab.java
C:\Users\Kyler\eclipse-workspace\AuxProtect\src\dev\heliosares\auxprotect\command\PurgeCommandTab.java
C:\Users\Kyler\eclipse-workspace\AuxProtect\src\dev\heliosares\auxprotect\database\EntryAction.java
C:\Users\Kyler\eclipse-workspace\AuxProtect\src\dev\heliosares\auxprotect\bungee\Results.java
C:\Users\Kyler\eclipse-workspace\AuxProtect\src\dev\heliosares\auxprotect\utils\Experience.java
C:\Users\Kyler\eclipse-workspace\AuxProtect\src\dev\heliosares\auxprotect\listeners\PaneListener.java
C:\Users\Kyler\eclipse-workspace\AuxProtect\src\dev\heliosares\auxprotect\utils\MoneySolver.java
C:\Users\Kyler\eclipse-workspace\AuxProtect\src\dev\heliosares\auxprotect\bungee\AuxProtectBungee.java
C:\Users\Kyler\eclipse-workspace\AuxProtect\src\dev\heliosares\auxprotect\database\DatabaseRunnable.java
C:\Users\Kyler\eclipse-workspace\AuxProtect\src\dev\heliosares\auxprotect\command\APCommand.java
C:\Users\Kyler\eclipse-workspace\AuxProtect\src\dev\heliosares\auxprotect\listeners\ProjectileListener.java
C:\Users\Kyler\eclipse-workspace\AuxProtect\src\dev\heliosares\auxprotect\command\MoneyCommand.java
C:\Users\Kyler\eclipse-workspace\AuxProtect\src\dev\heliosares\auxprotect\command\ClaimInvCommand.java
C:\Users\Kyler\eclipse-workspace\AuxProtect\src\dev\heliosares\auxprotect\command\InvCommand.java
C:\Users\Kyler\eclipse-workspace\AuxProtect\src\dev\heliosares\auxprotect\command\LookupCommandTab.java
C:\Users\Kyler\eclipse-workspace\AuxProtect\src\dev\heliosares\auxprotect\utils\MovingAverage.java
C:\Users\Kyler\eclipse-workspace\AuxProtect\src\dev\heliosares\auxprotect\utils\Telemetry.java
C:\Users\Kyler\eclipse-workspace\AuxProtect\src\dev\heliosares\auxprotect\utils\ColorTranslate.java
C:\Users\Kyler\eclipse-workspace\AuxProtect\src\dev\heliosares\auxprotect\database\SQLManager.java
C:\Users\Kyler\eclipse-workspace\AuxProtect\src\dev\heliosares\auxprotect\utils\Pane.java
C:\Users\Kyler\eclipse-workspace\AuxProtect\src\dev\heliosares\auxprotect\AuxProtectApi.java
C:\Users\Kyler\eclipse-workspace\AuxProtect\src\dev\heliosares\auxprotect\command\APCommandTab.java
C:\Users\Kyler\eclipse-workspace\AuxProtect\src\dev\heliosares\auxprotect\command\LookupCommand.java
C:\Users\Kyler\eclipse-workspace\AuxProtect\src\dev\heliosares\auxprotect\database\XrayEntry.java
C:\Users\Kyler\eclipse-workspace\AuxProtect\src\dev\heliosares\auxprotect\utils\XraySolver.java
C:\Users\Kyler\eclipse-workspace\AuxProtect\src\dev\heliosares\auxprotect\bungee\YMLManager.java
C:\Users\Kyler\eclipse-workspace\AuxProtect\src\dev\heliosares\auxprotect\listeners\AuctionHouseListener.java
C:\Users\Kyler\eclipse-workspace\AuxProtect\src\dev\heliosares\auxprotect\AuxProtect.java
C:\Users\Kyler\eclipse-workspace\AuxProtect\src\dev\heliosares\auxprotect\bungee\APListener.java
C:\Users\Kyler\eclipse-workspace\AuxProtect\src\dev\heliosares\auxprotect\listeners\EntityListener.java
C:\Users\Kyler\eclipse-workspace\AuxProtect\src\dev\heliosares\auxprotect\utils\MyPermission.java
C:\Users\Kyler\eclipse-workspace\AuxProtect\src\dev\heliosares\auxprotect\APConfig.java
C:\Users\Kyler\eclipse-workspace\AuxProtect\src\dev\heliosares\auxprotect\command\PlaytimeCommandTab.java
C:\Users\Kyler\eclipse-workspace\AuxProtect\src\dev\heliosares\auxprotect\listeners\PlayerListener.java
C:\Users\Kyler\eclipse-workspace\AuxProtect\src\dev\heliosares\auxprotect\listeners\DynamicShopListener.java
C:\Users\Kyler\eclipse-workspace\AuxProtect\src\dev\heliosares\auxprotect\IAuxProtect.java
C:\Users\Kyler\eclipse-workspace\AuxProtect\src\dev\heliosares\auxprotect\command\XrayCommand.java
C:\Users\Kyler\eclipse-workspace\AuxProtect\src\dev\heliosares\auxprotect\command\PlaytimeCommand.java
C:\Users\Kyler\eclipse-workspace\AuxProtect\src\dev\heliosares\auxprotect\utils\YMLManager.java
C:\Users\Kyler\eclipse-workspace\AuxProtect\src\dev\heliosares\auxprotect\database\XrayResults.java
C:\Users\Kyler\eclipse-workspace\AuxProtect\src\dev\heliosares\auxprotect\listeners\ShopGUIPlusListener.java
C:\Users\Kyler\eclipse-workspace\AuxProtect\src\dev\heliosares\auxprotect\utils\EntryFormatter.java
C:\Users\Kyler\eclipse-workspace\AuxProtect\src\dev\heliosares\auxprotect\utils\ChartRenderer.java
C:\Users\Kyler\eclipse-workspace\AuxProtect\src\dev\heliosares\auxprotect\bungee\command\LookupCommand.java
C:\Users\Kyler\eclipse-workspace\AuxProtect\src\dev\heliosares\auxprotect\database\Results.java
C:\Users\Kyler\eclipse-workspace\AuxProtect\src\dev\heliosares\auxprotect\utils\Language.java
C:\Users\Kyler\eclipse-workspace\AuxProtect\src\dev\heliosares\auxprotect\command\TpCommand.java
C:\Users\Kyler\eclipse-workspace\AuxProtect\src\dev\heliosares\auxprotect\listeners\EconomyShopGUIListener.java
C:\Users\Kyler\eclipse-workspace\AuxProtect\src\dev\heliosares\auxprotect\utils\UpdateChecker.java
C:\Users\Kyler\eclipse-workspace\AuxProtect\src\dev\heliosares\auxprotect\utils\PlayTimeSolver.java
C:\Users\Kyler\eclipse-workspace\AuxProtect\src\dev\heliosares\auxprotect\utils\TimeUtil.java
C:\Users\Kyler\eclipse-workspace\AuxProtect\src\dev\heliosares\auxprotect\bungee\command\APCommand.java
C:\Users\Kyler\eclipse-workspace\AuxProtect\src\dev\heliosares\auxprotect\database\PickupEntry.java
